---
source: crates/rcc_tests/tests/mod.rs
---
source: invalid_multiple_default_labels.c
compiler_output:
  × Multiple default labels in one switch
   ╭─[3:5]
 2 │   switch (1) {
 3 │     default:;
   ·     ───┬───
   ·        ╰── previous default label
 4 │     default:;
   ·     ───────
 5 │   }
   ╰────
